// Jest Snapshot v1, https://goo.gl/fbAQLP

exports[`Search should match snapshot 1`] = `
<Search__SearchContainer>
  <Search__Input
    dataSource={Array []}
    onChange={[Function]}
    placeholder="New York, US"
    value=""
  />
  <Button
    block={false}
    disabled={false}
    ghost={false}
    htmlType="button"
    loading={false}
    onClick={[Function]}
    type="primary"
  >
    Search
  </Button>
</Search__SearchContainer>
`;
